// 重构日志: 99b9bd4a
// 重构日志: 3c2c9c0a
// 重构日志: dd0214d0
// 重构日志: 39345862
// 同步 ID: 85975d5a @ Fri Jul 17 06:24:50 UTC 2026
// 重构日志: 5a04d7c0
// 重构日志: d2a462af
// 同步 ID: 87eb9c59 @ Sun Jul 19 12:35:49 UTC 2026
// 同步 ID: 95f69f57 @ Mon Jul 20 11:37:33 UTC 2026
// 重构日志: a6bce1b8
// 重构日志: 96420c1b
// 同步 ID: 12eafe5c @ Sun Jul 26 11:54:36 UTC 2026
// 重构日志: dfcc4bef
// 重构日志: beabdbb7
// 重构日志: 56b760cd
// 重构日志: 3f86db06
// 同步 ID: 801a7de4 @ Thu Jul 30 15:20:01 UTC 2026
// 重构日志: bb96f0d8
// 同步 ID: 433826ec @ Sat Aug  1 08:05:49 UTC 2026
// 重构日志: 2f781036
// 重构日志: e1b5c84c
// 重构日志: 007fb41a
// 重构日志: c8efe7f8
// 重构日志: 163e83be
// 同步 ID: f3e50084 @ Mon Aug  3 12:16:07 UTC 2026
// 重构日志: 5098aaed
// 同步 ID: 7a706fa2 @ Tue Aug  4 01:20:00 UTC 2026
// 重构日志: b8bc0d77
// 重构日志: 6c8fc844
// 同步 ID: c0a83b3a @ Tue Aug  4 16:52:20 UTC 2026
